Analysis & Synthesis report for lab6
Mon Apr 27 13:13:33 2026
Quartus Prime Version 21.1.1 Build 850 06/23/2022 SJ Lite Edition


---------------------
; Table of Contents ;
---------------------
  1. Legal Notice
  2. Analysis & Synthesis Summary
  3. Analysis & Synthesis Settings
  4. Parallel Compilation
  5. Analysis & Synthesis Source Files Read
  6. Analysis & Synthesis Resource Usage Summary
  7. Analysis & Synthesis Resource Utilization by Entity
  8. General Register Statistics
  9. Multiplexer Restructuring Statistics (Restructuring Performed)
 10. Parameter Settings for User Entity Instance: pll_10mhz:pll_inst|altpll:altpll_component
 11. Parameter Settings for User Entity Instance: sc_cpu:cpu|sc_datapath:datapath|sc_alu:alu
 12. altpll Parameter Settings by Entity Instance
 13. Post-Synthesis Netlist Statistics for Top Partition
 14. Elapsed Time Per Partition
 15. Analysis & Synthesis Messages
 16. Analysis & Synthesis Suppressed Messages



----------------
; Legal Notice ;
----------------
Copyright (C) 2022  Intel Corporation. All rights reserved.
Your use of Intel Corporation's design tools, logic functions 
and other software and tools, and any partner logic 
functions, and any output files from any of the foregoing 
(including device programming or simulation files), and any 
associated documentation or information are expressly subject 
to the terms and conditions of the Intel Program License 
Subscription Agreement, the Intel Quartus Prime License Agreement,
the Intel FPGA IP License Agreement, or other applicable license
agreement, including, without limitation, that your use is for
the sole purpose of programming logic devices manufactured by
Intel and sold by Intel or its authorized distributors.  Please
refer to the applicable agreement for further details, at
https://fpgasoftware.intel.com/eula.



+----------------------------------------------------------------------------------+
; Analysis & Synthesis Summary                                                     ;
+------------------------------------+---------------------------------------------+
; Analysis & Synthesis Status        ; Successful - Mon Apr 27 13:13:32 2026       ;
; Quartus Prime Version              ; 21.1.1 Build 850 06/23/2022 SJ Lite Edition ;
; Revision Name                      ; lab6                                        ;
; Top-level Entity Name              ; sc_top                                      ;
; Family                             ; Cyclone IV E                                ;
; Total logic elements               ; 16,224                                      ;
;     Total combinational functions  ; 7,067                                       ;
;     Dedicated logic registers      ; 9,275                                       ;
; Total registers                    ; 9275                                        ;
; Total pins                         ; 82                                          ;
; Total virtual pins                 ; 0                                           ;
; Total memory bits                  ; 0                                           ;
; Embedded Multiplier 9-bit elements ; 0                                           ;
; Total PLLs                         ; 1                                           ;
+------------------------------------+---------------------------------------------+


+------------------------------------------------------------------------------------------------------------+
; Analysis & Synthesis Settings                                                                              ;
+------------------------------------------------------------------+--------------------+--------------------+
; Option                                                           ; Setting            ; Default Value      ;
+------------------------------------------------------------------+--------------------+--------------------+
; Device                                                           ; EP4CE115F29C7      ;                    ;
; Top-level entity name                                            ; sc_top             ; lab6               ;
; Family name                                                      ; Cyclone IV E       ; Cyclone V          ;
; Use smart compilation                                            ; Off                ; Off                ;
; Enable parallel Assembler and Timing Analyzer during compilation ; On                 ; On                 ;
; Enable compact report table                                      ; Off                ; Off                ;
; Restructure Multiplexers                                         ; Auto               ; Auto               ;
; Create Debugging Nodes for IP Cores                              ; Off                ; Off                ;
; Preserve fewer node names                                        ; On                 ; On                 ;
; Intel FPGA IP Evaluation Mode                                    ; Enable             ; Enable             ;
; Verilog Version                                                  ; Verilog_2001       ; Verilog_2001       ;
; VHDL Version                                                     ; VHDL_1993          ; VHDL_1993          ;
; State Machine Processing                                         ; Auto               ; Auto               ;
; Safe State Machine                                               ; Off                ; Off                ;
; Extract Verilog State Machines                                   ; On                 ; On                 ;
; Extract VHDL State Machines                                      ; On                 ; On                 ;
; Ignore Verilog initial constructs                                ; Off                ; Off                ;
; Iteration limit for constant Verilog loops                       ; 5000               ; 5000               ;
; Iteration limit for non-constant Verilog loops                   ; 250                ; 250                ;
; Add Pass-Through Logic to Inferred RAMs                          ; On                 ; On                 ;
; Infer RAMs from Raw Logic                                        ; On                 ; On                 ;
; Parallel Synthesis                                               ; On                 ; On                 ;
; DSP Block Balancing                                              ; Auto               ; Auto               ;
; NOT Gate Push-Back                                               ; On                 ; On                 ;
; Power-Up Don't Care                                              ; On                 ; On                 ;
; Remove Redundant Logic Cells                                     ; Off                ; Off                ;
; Remove Duplicate Registers                                       ; On                 ; On                 ;
; Ignore CARRY Buffers                                             ; Off                ; Off                ;
; Ignore CASCADE Buffers                                           ; Off                ; Off                ;
; Ignore GLOBAL Buffers                                            ; Off                ; Off                ;
; Ignore ROW GLOBAL Buffers                                        ; Off                ; Off                ;
; Ignore LCELL Buffers                                             ; Off                ; Off                ;
; Ignore SOFT Buffers                                              ; On                 ; On                 ;
; Limit AHDL Integers to 32 Bits                                   ; Off                ; Off                ;
; Optimization Technique                                           ; Balanced           ; Balanced           ;
; Carry Chain Length                                               ; 70                 ; 70                 ;
; Auto Carry Chains                                                ; On                 ; On                 ;
; Auto Open-Drain Pins                                             ; On                 ; On                 ;
; Perform WYSIWYG Primitive Resynthesis                            ; Off                ; Off                ;
; Auto ROM Replacement                                             ; On                 ; On                 ;
; Auto RAM Replacement                                             ; On                 ; On                 ;
; Auto DSP Block Replacement                                       ; On                 ; On                 ;
; Auto Shift Register Replacement                                  ; Auto               ; Auto               ;
; Allow Shift Register Merging across Hierarchies                  ; Auto               ; Auto               ;
; Auto Clock Enable Replacement                                    ; On                 ; On                 ;
; Strict RAM Replacement                                           ; Off                ; Off                ;
; Allow Synchronous Control Signals                                ; On                 ; On                 ;
; Force Use of Synchronous Clear Signals                           ; Off                ; Off                ;
; Auto RAM Block Balancing                                         ; On                 ; On                 ;
; Auto RAM to Logic Cell Conversion                                ; Off                ; Off                ;
; Auto Resource Sharing                                            ; Off                ; Off                ;
; Allow Any RAM Size For Recognition                               ; Off                ; Off                ;
; Allow Any ROM Size For Recognition                               ; Off                ; Off                ;
; Allow Any Shift Register Size For Recognition                    ; Off                ; Off                ;
; Use LogicLock Constraints during Resource Balancing              ; On                 ; On                 ;
; Ignore translate_off and synthesis_off directives                ; Off                ; Off                ;
; Timing-Driven Synthesis                                          ; On                 ; On                 ;
; Report Parameter Settings                                        ; On                 ; On                 ;
; Report Source Assignments                                        ; On                 ; On                 ;
; Report Connectivity Checks                                       ; On                 ; On                 ;
; Ignore Maximum Fan-Out Assignments                               ; Off                ; Off                ;
; Synchronization Register Chain Length                            ; 2                  ; 2                  ;
; Power Optimization During Synthesis                              ; Normal compilation ; Normal compilation ;
; HDL message level                                                ; Level2             ; Level2             ;
; Suppress Register Optimization Related Messages                  ; Off                ; Off                ;
; Number of Removed Registers Reported in Synthesis Report         ; 5000               ; 5000               ;
; Number of Swept Nodes Reported in Synthesis Report               ; 5000               ; 5000               ;
; Number of Inverted Registers Reported in Synthesis Report        ; 100                ; 100                ;
; Clock MUX Protection                                             ; On                 ; On                 ;
; Auto Gated Clock Conversion                                      ; Off                ; Off                ;
; Block Design Naming                                              ; Auto               ; Auto               ;
; SDC constraint protection                                        ; Off                ; Off                ;
; Synthesis Effort                                                 ; Auto               ; Auto               ;
; Shift Register Replacement - Allow Asynchronous Clear Signal     ; On                 ; On                 ;
; Pre-Mapping Resynthesis Optimization                             ; Off                ; Off                ;
; Analysis & Synthesis Message Level                               ; Medium             ; Medium             ;
; Disable Register Merging Across Hierarchies                      ; Auto               ; Auto               ;
; Resource Aware Inference For Block RAM                           ; On                 ; On                 ;
+------------------------------------------------------------------+--------------------+--------------------+


+------------------------------------------+
; Parallel Compilation                     ;
+----------------------------+-------------+
; Processors                 ; Number      ;
+----------------------------+-------------+
; Number detected on machine ; 16          ;
; Maximum allowed            ; 16          ;
;                            ;             ;
; Average used               ; 1.03        ;
; Maximum used               ; 16          ;
;                            ;             ;
; Usage by Processor         ; % Time Used ;
;     Processor 1            ; 100.0%      ;
;     Processor 2            ;   0.2%      ;
;     Processor 3            ;   0.2%      ;
;     Processor 4            ;   0.2%      ;
;     Processor 5            ;   0.2%      ;
;     Processor 6            ;   0.2%      ;
;     Processor 7            ;   0.2%      ;
;     Processor 8            ;   0.2%      ;
;     Processors 9-16        ;   0.1%      ;
+----------------------------+-------------+


+------------------------------------------------------------------------------------------------------------------------------------------------------------------------+
; Analysis & Synthesis Source Files Read                                                                                                                                 ;
+----------------------------------+-----------------+------------------------------+--------------------------------------------------------------------------+---------+
; File Name with User-Entered Path ; Used in Netlist ; File Type                    ; File Name with Absolute Path                                             ; Library ;
+----------------------------------+-----------------+------------------------------+--------------------------------------------------------------------------+---------+
; sc_top.sv                        ; yes             ; User SystemVerilog HDL File  ; C:/Users/rabs4/Documents/rv_sc_cpu_mmio/sc_top.sv                        ;         ;
; sc_sign_ext.sv                   ; yes             ; User SystemVerilog HDL File  ; C:/Users/rabs4/Documents/rv_sc_cpu_mmio/sc_sign_ext.sv                   ;         ;
; sc_regfile.sv                    ; yes             ; User SystemVerilog HDL File  ; C:/Users/rabs4/Documents/rv_sc_cpu_mmio/sc_regfile.sv                    ;         ;
; sc_mmio.sv                       ; yes             ; User SystemVerilog HDL File  ; C:/Users/rabs4/Documents/rv_sc_cpu_mmio/sc_mmio.sv                       ;         ;
; sc_imem.sv                       ; yes             ; User SystemVerilog HDL File  ; C:/Users/rabs4/Documents/rv_sc_cpu_mmio/sc_imem.sv                       ;         ;
; sc_dmem.sv                       ; yes             ; User SystemVerilog HDL File  ; C:/Users/rabs4/Documents/rv_sc_cpu_mmio/sc_dmem.sv                       ;         ;
; sc_datapath.sv                   ; yes             ; User SystemVerilog HDL File  ; C:/Users/rabs4/Documents/rv_sc_cpu_mmio/sc_datapath.sv                   ;         ;
; sc_cpu.sv                        ; yes             ; User SystemVerilog HDL File  ; C:/Users/rabs4/Documents/rv_sc_cpu_mmio/sc_cpu.sv                        ;         ;
; sc_control.sv                    ; yes             ; User SystemVerilog HDL File  ; C:/Users/rabs4/Documents/rv_sc_cpu_mmio/sc_control.sv                    ;         ;
; sc_alu_ctrl.sv                   ; yes             ; User SystemVerilog HDL File  ; C:/Users/rabs4/Documents/rv_sc_cpu_mmio/sc_alu_ctrl.sv                   ;         ;
; sc_alu.sv                        ; yes             ; User SystemVerilog HDL File  ; C:/Users/rabs4/Documents/rv_sc_cpu_mmio/sc_alu.sv                        ;         ;
; pll_10mhz.v                      ; yes             ; User Verilog HDL File        ; C:/Users/rabs4/Documents/rv_sc_cpu_mmio/pll_10mhz.v                      ;         ;
; altpll.tdf                       ; yes             ; Megafunction                 ; c:/intelfpga_lite/21.1/quartus/libraries/megafunctions/altpll.tdf        ;         ;
; aglobal211.inc                   ; yes             ; Megafunction                 ; c:/intelfpga_lite/21.1/quartus/libraries/megafunctions/aglobal211.inc    ;         ;
; stratix_pll.inc                  ; yes             ; Megafunction                 ; c:/intelfpga_lite/21.1/quartus/libraries/megafunctions/stratix_pll.inc   ;         ;
; stratixii_pll.inc                ; yes             ; Megafunction                 ; c:/intelfpga_lite/21.1/quartus/libraries/megafunctions/stratixii_pll.inc ;         ;
; cycloneii_pll.inc                ; yes             ; Megafunction                 ; c:/intelfpga_lite/21.1/quartus/libraries/megafunctions/cycloneii_pll.inc ;         ;
; db/pll_10mhz_altpll.v            ; yes             ; Auto-Generated Megafunction  ; C:/Users/rabs4/Documents/rv_sc_cpu_mmio/db/pll_10mhz_altpll.v            ;         ;
+----------------------------------+-----------------+------------------------------+--------------------------------------------------------------------------+---------+


+-------------------------------------------------------------------------------------------------------------------------------------------+
; Analysis & Synthesis Resource Usage Summary                                                                                               ;
+---------------------------------------------+---------------------------------------------------------------------------------------------+
; Resource                                    ; Usage                                                                                       ;
+---------------------------------------------+---------------------------------------------------------------------------------------------+
; Estimated Total logic elements              ; 16,224                                                                                      ;
;                                             ;                                                                                             ;
; Total combinational functions               ; 7067                                                                                        ;
; Logic element usage by number of LUT inputs ;                                                                                             ;
;     -- 4 input functions                    ; 6542                                                                                        ;
;     -- 3 input functions                    ; 424                                                                                         ;
;     -- <=2 input functions                  ; 101                                                                                         ;
;                                             ;                                                                                             ;
; Logic elements by mode                      ;                                                                                             ;
;     -- normal mode                          ; 6944                                                                                        ;
;     -- arithmetic mode                      ; 123                                                                                         ;
;                                             ;                                                                                             ;
; Total registers                             ; 9275                                                                                        ;
;     -- Dedicated logic registers            ; 9275                                                                                        ;
;     -- I/O registers                        ; 0                                                                                           ;
;                                             ;                                                                                             ;
; I/O pins                                    ; 82                                                                                          ;
;                                             ;                                                                                             ;
; Embedded Multiplier 9-bit elements          ; 0                                                                                           ;
;                                             ;                                                                                             ;
; Total PLLs                                  ; 1                                                                                           ;
;     -- PLLs                                 ; 1                                                                                           ;
;                                             ;                                                                                             ;
; Maximum fan-out node                        ; pll_10mhz:pll_inst|altpll:altpll_component|pll_10mhz_altpll:auto_generated|wire_pll1_clk[0] ;
; Maximum fan-out                             ; 9277                                                                                        ;
; Total fan-out                               ; 55676                                                                                       ;
; Average fan-out                             ; 3.37                                                                                        ;
+---------------------------------------------+---------------------------------------------------------------------------------------------+


+----------------------------------------------------------------------------------------------------------------------------------------------------------------------------------------------------------------------------------------------------------------------------------------------+
; Analysis & Synthesis Resource Utilization by Entity                                                                                                                                                                                                                                          ;
+--------------------------------------------+---------------------+---------------------------+-------------+--------------+---------+-----------+------+--------------+------------------------------------------------------------------------------------+------------------+--------------+
; Compilation Hierarchy Node                 ; Combinational ALUTs ; Dedicated Logic Registers ; Memory Bits ; DSP Elements ; DSP 9x9 ; DSP 18x18 ; Pins ; Virtual Pins ; Full Hierarchy Name                                                                ; Entity Name      ; Library Name ;
+--------------------------------------------+---------------------+---------------------------+-------------+--------------+---------+-----------+------+--------------+------------------------------------------------------------------------------------+------------------+--------------+
; |sc_top                                    ; 7067 (1)            ; 9275 (0)                  ; 0           ; 0            ; 0       ; 0         ; 82   ; 0            ; |sc_top                                                                            ; sc_top           ; work         ;
;    |pll_10mhz:pll_inst|                    ; 0 (0)               ; 0 (0)                     ; 0           ; 0            ; 0       ; 0         ; 0    ; 0            ; |sc_top|pll_10mhz:pll_inst                                                         ; pll_10mhz        ; work         ;
;       |altpll:altpll_component|            ; 0 (0)               ; 0 (0)                     ; 0           ; 0            ; 0       ; 0         ; 0    ; 0            ; |sc_top|pll_10mhz:pll_inst|altpll:altpll_component                                 ; altpll           ; work         ;
;          |pll_10mhz_altpll:auto_generated| ; 0 (0)               ; 0 (0)                     ; 0           ; 0            ; 0       ; 0         ; 0    ; 0            ; |sc_top|pll_10mhz:pll_inst|altpll:altpll_component|pll_10mhz_altpll:auto_generated ; pll_10mhz_altpll ; work         ;
;    |sc_cpu:cpu|                            ; 7066 (0)            ; 9275 (0)                  ; 0           ; 0            ; 0       ; 0         ; 0    ; 0            ; |sc_top|sc_cpu:cpu                                                                 ; sc_cpu           ; work         ;
;       |sc_control:ctrl|                    ; 1 (1)               ; 0 (0)                     ; 0           ; 0            ; 0       ; 0         ; 0    ; 0            ; |sc_top|sc_cpu:cpu|sc_control:ctrl                                                 ; sc_control       ; work         ;
;       |sc_datapath:datapath|               ; 7065 (244)          ; 9275 (32)                 ; 0           ; 0            ; 0       ; 0         ; 0    ; 0            ; |sc_top|sc_cpu:cpu|sc_datapath:datapath                                            ; sc_datapath      ; work         ;
;          |sc_alu:alu|                      ; 119 (119)           ; 0 (0)                     ; 0           ; 0            ; 0       ; 0         ; 0    ; 0            ; |sc_top|sc_cpu:cpu|sc_datapath:datapath|sc_alu:alu                                 ; sc_alu           ; work         ;
;          |sc_alu_ctrl:alu_ctrl|            ; 4 (4)               ; 0 (0)                     ; 0           ; 0            ; 0       ; 0         ; 0    ; 0            ; |sc_top|sc_cpu:cpu|sc_datapath:datapath|sc_alu_ctrl:alu_ctrl                       ; sc_alu_ctrl      ; work         ;
;          |sc_dmem:dmem|                    ; 5731 (5731)         ; 8192 (8192)               ; 0           ; 0            ; 0       ; 0         ; 0    ; 0            ; |sc_top|sc_cpu:cpu|sc_datapath:datapath|sc_dmem:dmem                               ; sc_dmem          ; work         ;
;          |sc_imem:imem|                    ; 50 (50)             ; 0 (0)                     ; 0           ; 0            ; 0       ; 0         ; 0    ; 0            ; |sc_top|sc_cpu:cpu|sc_datapath:datapath|sc_imem:imem                               ; sc_imem          ; work         ;
;          |sc_mmio:mmio|                    ; 4 (4)               ; 27 (27)                   ; 0           ; 0            ; 0       ; 0         ; 0    ; 0            ; |sc_top|sc_cpu:cpu|sc_datapath:datapath|sc_mmio:mmio                               ; sc_mmio          ; work         ;
;          |sc_regfile:regfile|              ; 886 (886)           ; 1024 (1024)               ; 0           ; 0            ; 0       ; 0         ; 0    ; 0            ; |sc_top|sc_cpu:cpu|sc_datapath:datapath|sc_regfile:regfile                         ; sc_regfile       ; work         ;
;          |sc_sign_ext:sign_ext|            ; 27 (27)             ; 0 (0)                     ; 0           ; 0            ; 0       ; 0         ; 0    ; 0            ; |sc_top|sc_cpu:cpu|sc_datapath:datapath|sc_sign_ext:sign_ext                       ; sc_sign_ext      ; work         ;
+--------------------------------------------+---------------------+---------------------------+-------------+--------------+---------+-----------+------+--------------+------------------------------------------------------------------------------------+------------------+--------------+
Note: For table entries with two numbers listed, the numbers in parentheses indicate the number of resources of the given type used by the specific entity alone. The numbers listed outside of parentheses indicate the total resources of the given type used by the specific entity and all of its sub-entities in the hierarchy.


+------------------------------------------------------+
; General Register Statistics                          ;
+----------------------------------------------+-------+
; Statistic                                    ; Value ;
+----------------------------------------------+-------+
; Total registers                              ; 9275  ;
; Number of registers using Synchronous Clear  ; 0     ;
; Number of registers using Synchronous Load   ; 30    ;
; Number of registers using Asynchronous Clear ; 59    ;
; Number of registers using Asynchronous Load  ; 0     ;
; Number of registers using Clock Enable       ; 9245  ;
; Number of registers using Preset             ; 0     ;
+----------------------------------------------+-------+


+--------------------------------------------------------------------------------------------------------------------------------------------------------------------------------------+
; Multiplexer Restructuring Statistics (Restructuring Performed)                                                                                                                       ;
+--------------------+-----------+---------------+----------------------+------------------------+------------+------------------------------------------------------------------------+
; Multiplexer Inputs ; Bus Width ; Baseline Area ; Area if Restructured ; Saving if Restructured ; Registered ; Example Multiplexer Output                                             ;
+--------------------+-----------+---------------+----------------------+------------------------+------------+------------------------------------------------------------------------+
; 3:1                ; 14 bits   ; 28 LEs        ; 28 LEs               ; 0 LEs                  ; No         ; |sc_top|sc_cpu:cpu|sc_datapath:datapath|write_back[25]                 ;
; 3:1                ; 4 bits    ; 8 LEs         ; 8 LEs                ; 0 LEs                  ; No         ; |sc_top|sc_cpu:cpu|sc_datapath:datapath|write_back[1]                  ;
; 8:1                ; 31 bits   ; 155 LEs       ; 31 LEs               ; 124 LEs                ; No         ; |sc_top|sc_cpu:cpu|sc_datapath:datapath|sc_alu:alu|Mux11               ;
; 5:1                ; 2 bits    ; 6 LEs         ; 6 LEs                ; 0 LEs                  ; No         ; |sc_top|sc_cpu:cpu|sc_datapath:datapath|sc_alu_ctrl:alu_ctrl|Mux2      ;
; 4:1                ; 14 bits   ; 28 LEs        ; 28 LEs               ; 0 LEs                  ; No         ; |sc_top|sc_cpu:cpu|sc_datapath:datapath|write_back[12]                 ;
; 16:1               ; 4 bits    ; 40 LEs        ; 8 LEs                ; 32 LEs                 ; No         ; |sc_top|sc_cpu:cpu|sc_datapath:datapath|sc_sign_ext:sign_ext|Selector1 ;
+--------------------+-----------+---------------+----------------------+------------------------+------------+------------------------------------------------------------------------+


+-----------------------------------------------------------------------------------------+
; Parameter Settings for User Entity Instance: pll_10mhz:pll_inst|altpll:altpll_component ;
+-------------------------------+-----------------------------+---------------------------+
; Parameter Name                ; Value                       ; Type                      ;
+-------------------------------+-----------------------------+---------------------------+
; OPERATION_MODE                ; NORMAL                      ; Untyped                   ;
; PLL_TYPE                      ; AUTO                        ; Untyped                   ;
; LPM_HINT                      ; CBX_MODULE_PREFIX=pll_10mhz ; Untyped                   ;
; QUALIFY_CONF_DONE             ; OFF                         ; Untyped                   ;
; COMPENSATE_CLOCK              ; CLK0                        ; Untyped                   ;
; SCAN_CHAIN                    ; LONG                        ; Untyped                   ;
; PRIMARY_CLOCK                 ; INCLK0                      ; Untyped                   ;
; INCLK0_INPUT_FREQUENCY        ; 20000                       ; Signed Integer            ;
; INCLK1_INPUT_FREQUENCY        ; 0                           ; Untyped                   ;
; GATE_LOCK_SIGNAL              ; NO                          ; Untyped                   ;
; GATE_LOCK_COUNTER             ; 0                           ; Untyped                   ;
; LOCK_HIGH                     ; 1                           ; Untyped                   ;
; LOCK_LOW                      ; 1                           ; Untyped                   ;
; VALID_LOCK_MULTIPLIER         ; 1                           ; Untyped                   ;
; INVALID_LOCK_MULTIPLIER       ; 5                           ; Untyped                   ;
; SWITCH_OVER_ON_LOSSCLK        ; OFF                         ; Untyped                   ;
; SWITCH_OVER_ON_GATED_LOCK     ; OFF                         ; Untyped                   ;
; ENABLE_SWITCH_OVER_COUNTER    ; OFF                         ; Untyped                   ;
; SKIP_VCO                      ; OFF                         ; Untyped                   ;
; SWITCH_OVER_COUNTER           ; 0                           ; Untyped                   ;
; SWITCH_OVER_TYPE              ; AUTO                        ; Untyped                   ;
; FEEDBACK_SOURCE               ; EXTCLK0                     ; Untyped                   ;
; BANDWIDTH                     ; 0                           ; Untyped                   ;
; BANDWIDTH_TYPE                ; AUTO                        ; Untyped                   ;
; SPREAD_FREQUENCY              ; 0                           ; Untyped                   ;
; DOWN_SPREAD                   ; 0                           ; Untyped                   ;
; SELF_RESET_ON_GATED_LOSS_LOCK ; OFF                         ; Untyped                   ;
; SELF_RESET_ON_LOSS_LOCK       ; OFF                         ; Untyped                   ;
; CLK9_MULTIPLY_BY              ; 0                           ; Untyped                   ;
; CLK8_MULTIPLY_BY              ; 0                           ; Untyped                   ;
; CLK7_MULTIPLY_BY              ; 0                           ; Untyped                   ;
; CLK6_MULTIPLY_BY              ; 0                           ; Untyped                   ;
; CLK5_MULTIPLY_BY              ; 1                           ; Untyped                   ;
; CLK4_MULTIPLY_BY              ; 1                           ; Untyped                   ;
; CLK3_MULTIPLY_BY              ; 1                           ; Untyped                   ;
; CLK2_MULTIPLY_BY              ; 1                           ; Untyped                   ;
; CLK1_MULTIPLY_BY              ; 1                           ; Untyped                   ;
; CLK0_MULTIPLY_BY              ; 1                           ; Signed Integer            ;
; CLK9_DIVIDE_BY                ; 0                           ; Untyped                   ;
; CLK8_DIVIDE_BY                ; 0                           ; Untyped                   ;
; CLK7_DIVIDE_BY                ; 0                           ; Untyped                   ;
; CLK6_DIVIDE_BY                ; 0                           ; Untyped                   ;
; CLK5_DIVIDE_BY                ; 1                           ; Untyped                   ;
; CLK4_DIVIDE_BY                ; 1                           ; Untyped                   ;
; CLK3_DIVIDE_BY                ; 1                           ; Untyped                   ;
; CLK2_DIVIDE_BY                ; 1                           ; Untyped                   ;
; CLK1_DIVIDE_BY                ; 1                           ; Untyped                   ;
; CLK0_DIVIDE_BY                ; 5                           ; Signed Integer            ;
; CLK9_PHASE_SHIFT              ; 0                           ; Untyped                   ;
; CLK8_PHASE_SHIFT              ; 0                           ; Untyped                   ;
; CLK7_PHASE_SHIFT              ; 0                           ; Untyped                   ;
; CLK6_PHASE_SHIFT              ; 0                           ; Untyped                   ;
; CLK5_PHASE_SHIFT              ; 0                           ; Untyped                   ;
; CLK4_PHASE_SHIFT              ; 0                           ; Untyped                   ;
; CLK3_PHASE_SHIFT              ; 0                           ; Untyped                   ;
; CLK2_PHASE_SHIFT              ; 0                           ; Untyped                   ;
; CLK1_PHASE_SHIFT              ; 0                           ; Untyped                   ;
; CLK0_PHASE_SHIFT              ; 0                           ; Untyped                   ;
; CLK5_TIME_DELAY               ; 0                           ; Untyped                   ;
; CLK4_TIME_DELAY               ; 0                           ; Untyped                   ;
; CLK3_TIME_DELAY               ; 0                           ; Untyped                   ;
; CLK2_TIME_DELAY               ; 0                           ; Untyped                   ;
; CLK1_TIME_DELAY               ; 0                           ; Untyped                   ;
; CLK0_TIME_DELAY               ; 0                           ; Untyped                   ;
; CLK9_DUTY_CYCLE               ; 50                          ; Untyped                   ;
; CLK8_DUTY_CYCLE               ; 50                          ; Untyped                   ;
; CLK7_DUTY_CYCLE               ; 50                          ; Untyped                   ;
; CLK6_DUTY_CYCLE               ; 50                          ; Untyped                   ;
; CLK5_DUTY_CYCLE               ; 50                          ; Untyped                   ;
; CLK4_DUTY_CYCLE               ; 50                          ; Untyped                   ;
; CLK3_DUTY_CYCLE               ; 50                          ; Untyped                   ;
; CLK2_DUTY_CYCLE               ; 50                          ; Untyped                   ;
; CLK1_DUTY_CYCLE               ; 50                          ; Untyped                   ;
; CLK0_DUTY_CYCLE               ; 50                          ; Signed Integer            ;
; CLK9_USE_EVEN_COUNTER_MODE    ; OFF                         ; Untyped                   ;
; CLK8_USE_EVEN_COUNTER_MODE    ; OFF                         ; Untyped                   ;
; CLK7_USE_EVEN_COUNTER_MODE    ; OFF                         ; Untyped                   ;
; CLK6_USE_EVEN_COUNTER_MODE    ; OFF                         ; Untyped                   ;
; CLK5_USE_EVEN_COUNTER_MODE    ; OFF                         ; Untyped                   ;
; CLK4_USE_EVEN_COUNTER_MODE    ; OFF                         ; Untyped                   ;
; CLK3_USE_EVEN_COUNTER_MODE    ; OFF                         ; Untyped                   ;
; CLK2_USE_EVEN_COUNTER_MODE    ; OFF                         ; Untyped                   ;
; CLK1_USE_EVEN_COUNTER_MODE    ; OFF                         ; Untyped                   ;
; CLK0_USE_EVEN_COUNTER_MODE    ; OFF                         ; Untyped                   ;
; CLK9_USE_EVEN_COUNTER_VALUE   ; OFF                         ; Untyped                   ;
; CLK8_USE_EVEN_COUNTER_VALUE   ; OFF                         ; Untyped                   ;
; CLK7_USE_EVEN_COUNTER_VALUE   ; OFF                         ; Untyped                   ;
; CLK6_USE_EVEN_COUNTER_VALUE   ; OFF                         ; Untyped                   ;
; CLK5_USE_EVEN_COUNTER_VALUE   ; OFF                         ; Untyped                   ;
; CLK4_USE_EVEN_COUNTER_VALUE   ; OFF                         ; Untyped                   ;
; CLK3_USE_EVEN_COUNTER_VALUE   ; OFF                         ; Untyped                   ;
; CLK2_USE_EVEN_COUNTER_VALUE   ; OFF                         ; Untyped                   ;
; CLK1_USE_EVEN_COUNTER_VALUE   ; OFF                         ; Untyped                   ;
; CLK0_USE_EVEN_COUNTER_VALUE   ; OFF                         ; Untyped                   ;
; LOCK_WINDOW_UI                ;  0.05                       ; Untyped                   ;
; LOCK_WINDOW_UI_BITS           ; UNUSED                      ; Untyped                   ;
; VCO_RANGE_DETECTOR_LOW_BITS   ; UNUSED                      ; Untyped                   ;
; VCO_RANGE_DETECTOR_HIGH_BITS  ; UNUSED                      ; Untyped                   ;
; DPA_MULTIPLY_BY               ; 0                           ; Untyped                   ;
; DPA_DIVIDE_BY                 ; 1                           ; Untyped                   ;
; DPA_DIVIDER                   ; 0                           ; Untyped                   ;
; EXTCLK3_MULTIPLY_BY           ; 1                           ; Untyped                   ;
; EXTCLK2_MULTIPLY_BY           ; 1                           ; Untyped                   ;
; EXTCLK1_MULTIPLY_BY           ; 1                           ; Untyped                   ;
; EXTCLK0_MULTIPLY_BY           ; 1                           ; Untyped                   ;
; EXTCLK3_DIVIDE_BY             ; 1                           ; Untyped                   ;
; EXTCLK2_DIVIDE_BY             ; 1                           ; Untyped                   ;
; EXTCLK1_DIVIDE_BY             ; 1                           ; Untyped                   ;
; EXTCLK0_DIVIDE_BY             ; 1                           ; Untyped                   ;
; EXTCLK3_PHASE_SHIFT           ; 0                           ; Untyped                   ;
; EXTCLK2_PHASE_SHIFT           ; 0                           ; Untyped                   ;
; EXTCLK1_PHASE_SHIFT           ; 0                           ; Untyped                   ;
; EXTCLK0_PHASE_SHIFT           ; 0                           ; Untyped                   ;
; EXTCLK3_TIME_DELAY            ; 0                           ; Untyped                   ;
; EXTCLK2_TIME_DELAY            ; 0                           ; Untyped                   ;
; EXTCLK1_TIME_DELAY            ; 0                           ; Untyped                   ;
; EXTCLK0_TIME_DELAY            ; 0                           ; Untyped                   ;
; EXTCLK3_DUTY_CYCLE            ; 50                          ; Untyped                   ;
; EXTCLK2_DUTY_CYCLE            ; 50                          ; Untyped                   ;
; EXTCLK1_DUTY_CYCLE            ; 50                          ; Untyped                   ;
; EXTCLK0_DUTY_CYCLE            ; 50                          ; Untyped                   ;
; VCO_MULTIPLY_BY               ; 0                           ; Untyped                   ;
; VCO_DIVIDE_BY                 ; 0                           ; Untyped                   ;
; SCLKOUT0_PHASE_SHIFT          ; 0                           ; Untyped                   ;
; SCLKOUT1_PHASE_SHIFT          ; 0                           ; Untyped                   ;
; VCO_MIN                       ; 0                           ; Untyped                   ;
; VCO_MAX                       ; 0                           ; Untyped                   ;
; VCO_CENTER                    ; 0                           ; Untyped                   ;
; PFD_MIN                       ; 0                           ; Untyped                   ;
; PFD_MAX                       ; 0                           ; Untyped                   ;
; M_INITIAL                     ; 0                           ; Untyped                   ;
; M                             ; 0                           ; Untyped                   ;
; N                             ; 1                           ; Untyped                   ;
; M2                            ; 1                           ; Untyped                   ;
; N2                            ; 1                           ; Untyped                   ;
; SS                            ; 1                           ; Untyped                   ;
; C0_HIGH                       ; 0                           ; Untyped                   ;
; C1_HIGH                       ; 0                           ; Untyped                   ;
; C2_HIGH                       ; 0                           ; Untyped                   ;
; C3_HIGH                       ; 0                           ; Untyped                   ;
; C4_HIGH                       ; 0                           ; Untyped                   ;
; C5_HIGH                       ; 0                           ; Untyped                   ;
; C6_HIGH                       ; 0                           ; Untyped                   ;
; C7_HIGH                       ; 0                           ; Untyped                   ;
; C8_HIGH                       ; 0                           ; Untyped                   ;
; C9_HIGH                       ; 0                           ; Untyped                   ;
; C0_LOW                        ; 0                           ; Untyped                   ;
; C1_LOW                        ; 0                           ; Untyped                   ;
; C2_LOW                        ; 0                           ; Untyped                   ;
; C3_LOW                        ; 0                           ; Untyped                   ;
; C4_LOW                        ; 0                           ; Untyped                   ;
; C5_LOW                        ; 0                           ; Untyped                   ;
; C6_LOW                        ; 0                           ; Untyped                   ;
; C7_LOW                        ; 0                           ; Untyped                   ;
; C8_LOW                        ; 0                           ; Untyped                   ;
; C9_LOW                        ; 0                           ; Untyped                   ;
; C0_INITIAL                    ; 0                           ; Untyped                   ;
; C1_INITIAL                    ; 0                           ; Untyped                   ;
; C2_INITIAL                    ; 0                           ; Untyped                   ;
; C3_INITIAL                    ; 0                           ; Untyped                   ;
; C4_INITIAL                    ; 0                           ; Untyped                   ;
; C5_INITIAL                    ; 0                           ; Untyped                   ;
; C6_INITIAL                    ; 0                           ; Untyped                   ;
; C7_INITIAL                    ; 0                           ; Untyped                   ;
; C8_INITIAL                    ; 0                           ; Untyped                   ;
; C9_INITIAL                    ; 0                           ; Untyped                   ;
; C0_MODE                       ; BYPASS                      ; Untyped                   ;
; C1_MODE                       ; BYPASS                      ; Untyped                   ;
; C2_MODE                       ; BYPASS                      ; Untyped                   ;
; C3_MODE                       ; BYPASS                      ; Untyped                   ;
; C4_MODE                       ; BYPASS                      ; Untyped                   ;
; C5_MODE                       ; BYPASS                      ; Untyped                   ;
; C6_MODE                       ; BYPASS                      ; Untyped                   ;
; C7_MODE                       ; BYPASS                      ; Untyped                   ;
; C8_MODE                       ; BYPASS                      ; Untyped                   ;
; C9_MODE                       ; BYPASS                      ; Untyped                   ;
; C0_PH                         ; 0                           ; Untyped                   ;
; C1_PH                         ; 0                           ; Untyped                   ;
; C2_PH                         ; 0                           ; Untyped                   ;
; C3_PH                         ; 0                           ; Untyped                   ;
; C4_PH                         ; 0                           ; Untyped                   ;
; C5_PH                         ; 0                           ; Untyped                   ;
; C6_PH                         ; 0                           ; Untyped                   ;
; C7_PH                         ; 0                           ; Untyped                   ;
; C8_PH                         ; 0                           ; Untyped                   ;
; C9_PH                         ; 0                           ; Untyped                   ;
; L0_HIGH                       ; 1                           ; Untyped                   ;
; L1_HIGH                       ; 1                           ; Untyped                   ;
; G0_HIGH                       ; 1                           ; Untyped                   ;
; G1_HIGH                       ; 1                           ; Untyped                   ;
; G2_HIGH                       ; 1                           ; Untyped                   ;
; G3_HIGH                       ; 1                           ; Untyped                   ;
; E0_HIGH                       ; 1                           ; Untyped                   ;
; E1_HIGH                       ; 1                           ; Untyped                   ;
; E2_HIGH                       ; 1                           ; Untyped                   ;
; E3_HIGH                       ; 1                           ; Untyped                   ;
; L0_LOW                        ; 1                           ; Untyped                   ;
; L1_LOW                        ; 1                           ; Untyped                   ;
; G0_LOW                        ; 1                           ; Untyped                   ;
; G1_LOW                        ; 1                           ; Untyped                   ;
; G2_LOW                        ; 1                           ; Untyped                   ;
; G3_LOW                        ; 1                           ; Untyped                   ;
; E0_LOW                        ; 1                           ; Untyped                   ;
; E1_LOW                        ; 1                           ; Untyped                   ;
; E2_LOW                        ; 1                           ; Untyped                   ;
; E3_LOW                        ; 1                           ; Untyped                   ;
; L0_INITIAL                    ; 1                           ; Untyped                   ;
; L1_INITIAL                    ; 1                           ; Untyped                   ;
; G0_INITIAL                    ; 1                           ; Untyped                   ;
; G1_INITIAL                    ; 1                           ; Untyped                   ;
; G2_INITIAL                    ; 1                           ; Untyped                   ;
; G3_INITIAL                    ; 1                           ; Untyped                   ;
; E0_INITIAL                    ; 1                           ; Untyped                   ;
; E1_INITIAL                    ; 1                           ; Untyped                   ;
; E2_INITIAL                    ; 1                           ; Untyped                   ;
; E3_INITIAL                    ; 1                           ; Untyped                   ;
; L0_MODE                       ; BYPASS                      ; Untyped                   ;
; L1_MODE                       ; BYPASS                      ; Untyped                   ;
; G0_MODE                       ; BYPASS                      ; Untyped                   ;
; G1_MODE                       ; BYPASS                      ; Untyped                   ;
; G2_MODE                       ; BYPASS                      ; Untyped                   ;
; G3_MODE                       ; BYPASS                      ; Untyped                   ;
; E0_MODE                       ; BYPASS                      ; Untyped                   ;
; E1_MODE                       ; BYPASS                      ; Untyped                   ;
; E2_MODE                       ; BYPASS                      ; Untyped                   ;
; E3_MODE                       ; BYPASS                      ; Untyped                   ;
; L0_PH                         ; 0                           ; Untyped                   ;
; L1_PH                         ; 0                           ; Untyped                   ;
; G0_PH                         ; 0                           ; Untyped                   ;
; G1_PH                         ; 0                           ; Untyped                   ;
; G2_PH                         ; 0                           ; Untyped                   ;
; G3_PH                         ; 0                           ; Untyped                   ;
; E0_PH                         ; 0                           ; Untyped                   ;
; E1_PH                         ; 0                           ; Untyped                   ;
; E2_PH                         ; 0                           ; Untyped                   ;
; E3_PH                         ; 0                           ; Untyped                   ;
; M_PH                          ; 0                           ; Untyped                   ;
; C1_USE_CASC_IN                ; OFF                         ; Untyped                   ;
; C2_USE_CASC_IN                ; OFF                         ; Untyped                   ;
; C3_USE_CASC_IN                ; OFF                         ; Untyped                   ;
; C4_USE_CASC_IN                ; OFF                         ; Untyped                   ;
; C5_USE_CASC_IN                ; OFF                         ; Untyped                   ;
; C6_USE_CASC_IN                ; OFF                         ; Untyped                   ;
; C7_USE_CASC_IN                ; OFF                         ; Untyped                   ;
; C8_USE_CASC_IN                ; OFF                         ; Untyped                   ;
; C9_USE_CASC_IN                ; OFF                         ; Untyped                   ;
; CLK0_COUNTER                  ; G0                          ; Untyped                   ;
; CLK1_COUNTER                  ; G0                          ; Untyped                   ;
; CLK2_COUNTER                  ; G0                          ; Untyped                   ;
; CLK3_COUNTER                  ; G0                          ; Untyped                   ;
; CLK4_COUNTER                  ; G0                          ; Untyped                   ;
; CLK5_COUNTER                  ; G0                          ; Untyped                   ;
; CLK6_COUNTER                  ; E0                          ; Untyped                   ;
; CLK7_COUNTER                  ; E1                          ; Untyped                   ;
; CLK8_COUNTER                  ; E2                          ; Untyped                   ;
; CLK9_COUNTER                  ; E3                          ; Untyped                   ;
; L0_TIME_DELAY                 ; 0                           ; Untyped                   ;
; L1_TIME_DELAY                 ; 0                           ; Untyped                   ;
; G0_TIME_DELAY                 ; 0                           ; Untyped                   ;
; G1_TIME_DELAY                 ; 0                           ; Untyped                   ;
; G2_TIME_DELAY                 ; 0                           ; Untyped                   ;
; G3_TIME_DELAY                 ; 0                           ; Untyped                   ;
; E0_TIME_DELAY                 ; 0                           ; Untyped                   ;
; E1_TIME_DELAY                 ; 0                           ; Untyped                   ;
; E2_TIME_DELAY                 ; 0                           ; Untyped                   ;
; E3_TIME_DELAY                 ; 0                           ; Untyped                   ;
; M_TIME_DELAY                  ; 0                           ; Untyped                   ;
; N_TIME_DELAY                  ; 0                           ; Untyped                   ;
; EXTCLK3_COUNTER               ; E3                          ; Untyped                   ;
; EXTCLK2_COUNTER               ; E2                          ; Untyped                   ;
; EXTCLK1_COUNTER               ; E1                          ; Untyped                   ;
; EXTCLK0_COUNTER               ; E0                          ; Untyped                   ;
; ENABLE0_COUNTER               ; L0                          ; Untyped                   ;
; ENABLE1_COUNTER               ; L0                          ; Untyped                   ;
; CHARGE_PUMP_CURRENT           ; 2                           ; Untyped                   ;
; LOOP_FILTER_R                 ;  1.000000                   ; Untyped                   ;
; LOOP_FILTER_C                 ; 5                           ; Untyped                   ;
; CHARGE_PUMP_CURRENT_BITS      ; 9999                        ; Untyped                   ;
; LOOP_FILTER_R_BITS            ; 9999                        ; Untyped                   ;
; LOOP_FILTER_C_BITS            ; 9999                        ; Untyped                   ;
; VCO_POST_SCALE                ; 0                           ; Untyped                   ;
; CLK2_OUTPUT_FREQUENCY         ; 0                           ; Untyped                   ;
; CLK1_OUTPUT_FREQUENCY         ; 0                           ; Untyped                   ;
; CLK0_OUTPUT_FREQUENCY         ; 0                           ; Untyped                   ;
; INTENDED_DEVICE_FAMILY        ; Cyclone IV E                ; Untyped                   ;
; PORT_CLKENA0                  ; PORT_CONNECTIVITY           ; Untyped                   ;
; PORT_CLKENA1                  ; PORT_CONNECTIVITY           ; Untyped                   ;
; PORT_CLKENA2                  ; PORT_CONNECTIVITY           ; Untyped                   ;
; PORT_CLKENA3                  ; PORT_CONNECTIVITY           ; Untyped                   ;
; PORT_CLKENA4                  ; PORT_CONNECTIVITY           ; Untyped                   ;
; PORT_CLKENA5                  ; PORT_CONNECTIVITY           ; Untyped                   ;
; PORT_EXTCLKENA0               ; PORT_CONNECTIVITY           ; Untyped                   ;
; PORT_EXTCLKENA1               ; PORT_CONNECTIVITY           ; Untyped                   ;
; PORT_EXTCLKENA2               ; PORT_CONNECTIVITY           ; Untyped                   ;
; PORT_EXTCLKENA3               ; PORT_CONNECTIVITY           ; Untyped                   ;
; PORT_EXTCLK0                  ; PORT_CONNECTIVITY           ; Untyped                   ;
; PORT_EXTCLK1                  ; PORT_CONNECTIVITY           ; Untyped                   ;
; PORT_EXTCLK2                  ; PORT_CONNECTIVITY           ; Untyped                   ;
; PORT_EXTCLK3                  ; PORT_CONNECTIVITY           ; Untyped                   ;
; PORT_CLKBAD0                  ; PORT_UNUSED                 ; Untyped                   ;
; PORT_CLKBAD1                  ; PORT_UNUSED                 ; Untyped                   ;
; PORT_CLK0                     ; PORT_USED                   ; Untyped                   ;
; PORT_CLK1                     ; PORT_UNUSED                 ; Untyped                   ;
; PORT_CLK2                     ; PORT_UNUSED                 ; Untyped                   ;
; PORT_CLK3                     ; PORT_UNUSED                 ; Untyped                   ;
; PORT_CLK4                     ; PORT_UNUSED                 ; Untyped                   ;
; PORT_CLK5                     ; PORT_UNUSED                 ; Untyped                   ;
; PORT_CLK6                     ; PORT_UNUSED                 ; Untyped                   ;
; PORT_CLK7                     ; PORT_UNUSED                 ; Untyped                   ;
; PORT_CLK8                     ; PORT_UNUSED                 ; Untyped                   ;
; PORT_CLK9                     ; PORT_UNUSED                 ; Untyped                   ;
; PORT_SCANDATA                 ; PORT_UNUSED                 ; Untyped                   ;
; PORT_SCANDATAOUT              ; PORT_UNUSED                 ; Untyped                   ;
; PORT_SCANDONE                 ; PORT_UNUSED                 ; Untyped                   ;
; PORT_SCLKOUT1                 ; PORT_CONNECTIVITY           ; Untyped                   ;
; PORT_SCLKOUT0                 ; PORT_CONNECTIVITY           ; Untyped                   ;
; PORT_ACTIVECLOCK              ; PORT_UNUSED                 ; Untyped                   ;
; PORT_CLKLOSS                  ; PORT_UNUSED                 ; Untyped                   ;
; PORT_INCLK1                   ; PORT_UNUSED                 ; Untyped                   ;
; PORT_INCLK0                   ; PORT_USED                   ; Untyped                   ;
; PORT_FBIN                     ; PORT_UNUSED                 ; Untyped                   ;
; PORT_PLLENA                   ; PORT_UNUSED                 ; Untyped                   ;
; PORT_CLKSWITCH                ; PORT_UNUSED                 ; Untyped                   ;
; PORT_ARESET                   ; PORT_UNUSED                 ; Untyped                   ;
; PORT_PFDENA                   ; PORT_UNUSED                 ; Untyped                   ;
; PORT_SCANCLK                  ; PORT_UNUSED                 ; Untyped                   ;
; PORT_SCANACLR                 ; PORT_UNUSED                 ; Untyped                   ;
; PORT_SCANREAD                 ; PORT_UNUSED                 ; Untyped                   ;
; PORT_SCANWRITE                ; PORT_UNUSED                 ; Untyped                   ;
; PORT_ENABLE0                  ; PORT_CONNECTIVITY           ; Untyped                   ;
; PORT_ENABLE1                  ; PORT_CONNECTIVITY           ; Untyped                   ;
; PORT_LOCKED                   ; PORT_USED                   ; Untyped                   ;
; PORT_CONFIGUPDATE             ; PORT_UNUSED                 ; Untyped                   ;
; PORT_FBOUT                    ; PORT_CONNECTIVITY           ; Untyped                   ;
; PORT_PHASEDONE                ; PORT_UNUSED                 ; Untyped                   ;
; PORT_PHASESTEP                ; PORT_UNUSED                 ; Untyped                   ;
; PORT_PHASEUPDOWN              ; PORT_UNUSED                 ; Untyped                   ;
; PORT_SCANCLKENA               ; PORT_UNUSED                 ; Untyped                   ;
; PORT_PHASECOUNTERSELECT       ; PORT_UNUSED                 ; Untyped                   ;
; PORT_VCOOVERRANGE             ; PORT_CONNECTIVITY           ; Untyped                   ;
; PORT_VCOUNDERRANGE            ; PORT_CONNECTIVITY           ; Untyped                   ;
; M_TEST_SOURCE                 ; 5                           ; Untyped                   ;
; C0_TEST_SOURCE                ; 5                           ; Untyped                   ;
; C1_TEST_SOURCE                ; 5                           ; Untyped                   ;
; C2_TEST_SOURCE                ; 5                           ; Untyped                   ;
; C3_TEST_SOURCE                ; 5                           ; Untyped                   ;
; C4_TEST_SOURCE                ; 5                           ; Untyped                   ;
; C5_TEST_SOURCE                ; 5                           ; Untyped                   ;
; C6_TEST_SOURCE                ; 5                           ; Untyped                   ;
; C7_TEST_SOURCE                ; 5                           ; Untyped                   ;
; C8_TEST_SOURCE                ; 5                           ; Untyped                   ;
; C9_TEST_SOURCE                ; 5                           ; Untyped                   ;
; CBXI_PARAMETER                ; pll_10mhz_altpll            ; Untyped                   ;
; VCO_FREQUENCY_CONTROL         ; AUTO                        ; Untyped                   ;
; VCO_PHASE_SHIFT_STEP          ; 0                           ; Untyped                   ;
; WIDTH_CLOCK                   ; 5                           ; Signed Integer            ;
; WIDTH_PHASECOUNTERSELECT      ; 4                           ; Untyped                   ;
; USING_FBMIMICBIDIR_PORT       ; OFF                         ; Untyped                   ;
; DEVICE_FAMILY                 ; Cyclone IV E                ; Untyped                   ;
; SCAN_CHAIN_MIF_FILE           ; UNUSED                      ; Untyped                   ;
; SIM_GATE_LOCK_DEVICE_BEHAVIOR ; OFF                         ; Untyped                   ;
; AUTO_CARRY_CHAINS             ; ON                          ; AUTO_CARRY                ;
; IGNORE_CARRY_BUFFERS          ; OFF                         ; IGNORE_CARRY              ;
; AUTO_CASCADE_CHAINS           ; ON                          ; AUTO_CASCADE              ;
; IGNORE_CASCADE_BUFFERS        ; OFF                         ; IGNORE_CASCADE            ;
+-------------------------------+-----------------------------+---------------------------+
Note: In order to hide this table in the UI and the text report file, please set the "Show Parameter Settings in Synthesis Report" option in "Analysis and Synthesis Settings -> More Settings" to "Off".


+-----------------------------------------------------------------------------------------+
; Parameter Settings for User Entity Instance: sc_cpu:cpu|sc_datapath:datapath|sc_alu:alu ;
+----------------+-------+----------------------------------------------------------------+
; Parameter Name ; Value ; Type                                                           ;
+----------------+-------+----------------------------------------------------------------+
; DATA_W         ; 32    ; Signed Integer                                                 ;
; OP_W           ; 4     ; Signed Integer                                                 ;
+----------------+-------+----------------------------------------------------------------+
Note: In order to hide this table in the UI and the text report file, please set the "Show Parameter Settings in Synthesis Report" option in "Analysis and Synthesis Settings -> More Settings" to "Off".


+----------------------------------------------------------------------------+
; altpll Parameter Settings by Entity Instance                               ;
+-------------------------------+--------------------------------------------+
; Name                          ; Value                                      ;
+-------------------------------+--------------------------------------------+
; Number of entity instances    ; 1                                          ;
; Entity Instance               ; pll_10mhz:pll_inst|altpll:altpll_component ;
;     -- OPERATION_MODE         ; NORMAL                                     ;
;     -- PLL_TYPE               ; AUTO                                       ;
;     -- PRIMARY_CLOCK          ; INCLK0                                     ;
;     -- INCLK0_INPUT_FREQUENCY ; 20000                                      ;
;     -- INCLK1_INPUT_FREQUENCY ; 0                                          ;
;     -- VCO_MULTIPLY_BY        ; 0                                          ;
;     -- VCO_DIVIDE_BY          ; 0                                          ;
+-------------------------------+--------------------------------------------+


+-----------------------------------------------------+
; Post-Synthesis Netlist Statistics for Top Partition ;
+-----------------------+-----------------------------+
; Type                  ; Count                       ;
+-----------------------+-----------------------------+
; boundary_port         ; 82                          ;
; cycloneiii_ff         ; 9275                        ;
;     CLR SLD           ; 30                          ;
;     ENA               ; 9216                        ;
;     ENA CLR           ; 29                          ;
; cycloneiii_lcell_comb ; 7067                        ;
;     arith             ; 123                         ;
;         2 data inputs ; 30                          ;
;         3 data inputs ; 93                          ;
;     normal            ; 6944                        ;
;         1 data inputs ; 23                          ;
;         2 data inputs ; 48                          ;
;         3 data inputs ; 331                         ;
;         4 data inputs ; 6542                        ;
; cycloneiii_pll        ; 1                           ;
;                       ;                             ;
; Max LUT depth         ; 21.90                       ;
; Average LUT depth     ; 12.40                       ;
+-----------------------+-----------------------------+


+-------------------------------+
; Elapsed Time Per Partition    ;
+----------------+--------------+
; Partition Name ; Elapsed Time ;
+----------------+--------------+
; Top            ; 00:00:12     ;
+----------------+--------------+


+-------------------------------+
; Analysis & Synthesis Messages ;
+-------------------------------+
Info: *******************************************************************
Info: Running Quartus Prime Analysis & Synthesis
    Info: Version 21.1.1 Build 850 06/23/2022 SJ Lite Edition
    Info: Processing started: Mon Apr 27 13:13:12 2026
Info: Command: quartus_map --read_settings_files=on --write_settings_files=off lab6 -c lab6
Warning (18236): Number of processors has not been specified which may cause overloading on shared machines.  Set the global assignment NUM_PARALLEL_PROCESSORS in your QSF to an appropriate value for best performance.
Info (20030): Parallel compilation is enabled and will use 16 of the 16 processors detected
Info (12021): Found 1 design units, including 1 entities, in source file sc_top.sv
    Info (12023): Found entity 1: sc_top File: C:/Users/rabs4/Documents/rv_sc_cpu_mmio/sc_top.sv Line: 38
Info (12021): Found 1 design units, including 1 entities, in source file sc_sign_ext.sv
    Info (12023): Found entity 1: sc_sign_ext File: C:/Users/rabs4/Documents/rv_sc_cpu_mmio/sc_sign_ext.sv Line: 30
Info (12021): Found 1 design units, including 1 entities, in source file sc_regfile.sv
    Info (12023): Found entity 1: sc_regfile File: C:/Users/rabs4/Documents/rv_sc_cpu_mmio/sc_regfile.sv Line: 15
Info (12021): Found 1 design units, including 1 entities, in source file sc_mmio.sv
    Info (12023): Found entity 1: sc_mmio File: C:/Users/rabs4/Documents/rv_sc_cpu_mmio/sc_mmio.sv Line: 20
Info (12021): Found 1 design units, including 1 entities, in source file sc_imem.sv
    Info (12023): Found entity 1: sc_imem File: C:/Users/rabs4/Documents/rv_sc_cpu_mmio/sc_imem.sv Line: 28
Info (12021): Found 1 design units, including 1 entities, in source file sc_dmem.sv
    Info (12023): Found entity 1: sc_dmem File: C:/Users/rabs4/Documents/rv_sc_cpu_mmio/sc_dmem.sv Line: 25
Info (12021): Found 1 design units, including 1 entities, in source file sc_datapath.sv
    Info (12023): Found entity 1: sc_datapath File: C:/Users/rabs4/Documents/rv_sc_cpu_mmio/sc_datapath.sv Line: 37
Info (12021): Found 1 design units, including 1 entities, in source file sc_cpu_tb.sv
    Info (12023): Found entity 1: sc_cpu_tb File: C:/Users/rabs4/Documents/rv_sc_cpu_mmio/sc_cpu_tb.sv Line: 40
Info (12021): Found 1 design units, including 1 entities, in source file sc_cpu.sv
    Info (12023): Found entity 1: sc_cpu File: C:/Users/rabs4/Documents/rv_sc_cpu_mmio/sc_cpu.sv Line: 17
Info (12021): Found 1 design units, including 1 entities, in source file sc_control.sv
    Info (12023): Found entity 1: sc_control File: C:/Users/rabs4/Documents/rv_sc_cpu_mmio/sc_control.sv Line: 34
Info (12021): Found 1 design units, including 1 entities, in source file sc_alu_ctrl.sv
    Info (12023): Found entity 1: sc_alu_ctrl File: C:/Users/rabs4/Documents/rv_sc_cpu_mmio/sc_alu_ctrl.sv Line: 32
Info (12021): Found 1 design units, including 1 entities, in source file sc_alu.sv
    Info (12023): Found entity 1: sc_alu File: C:/Users/rabs4/Documents/rv_sc_cpu_mmio/sc_alu.sv Line: 18
Info (12021): Found 1 design units, including 1 entities, in source file pll_10mhz.v
    Info (12023): Found entity 1: pll_10mhz File: C:/Users/rabs4/Documents/rv_sc_cpu_mmio/pll_10mhz.v Line: 14
Info (12127): Elaborating entity "sc_top" for the top level hierarchy
Info (12128): Elaborating entity "pll_10mhz" for hierarchy "pll_10mhz:pll_inst" File: C:/Users/rabs4/Documents/rv_sc_cpu_mmio/sc_top.sv Line: 64
Info (12128): Elaborating entity "altpll" for hierarchy "pll_10mhz:pll_inst|altpll:altpll_component" File: C:/Users/rabs4/Documents/rv_sc_cpu_mmio/pll_10mhz.v Line: 64
Info (12130): Elaborated megafunction instantiation "pll_10mhz:pll_inst|altpll:altpll_component" File: C:/Users/rabs4/Documents/rv_sc_cpu_mmio/pll_10mhz.v Line: 64
Info (12133): Instantiated megafunction "pll_10mhz:pll_inst|altpll:altpll_component" with the following parameter: File: C:/Users/rabs4/Documents/rv_sc_cpu_mmio/pll_10mhz.v Line: 64
    Info (12134): Parameter "intended_device_family" = "Cyclone IV E"
    Info (12134): Parameter "lpm_type" = "altpll"
    Info (12134): Parameter "lpm_hint" = "CBX_MODULE_PREFIX=pll_10mhz"
    Info (12134): Parameter "operation_mode" = "NORMAL"
    Info (12134): Parameter "pll_type" = "AUTO"
    Info (12134): Parameter "bandwidth_type" = "AUTO"
    Info (12134): Parameter "self_reset_on_loss_lock" = "OFF"
    Info (12134): Parameter "width_clock" = "5"
    Info (12134): Parameter "inclk0_input_frequency" = "20000"
    Info (12134): Parameter "compensate_clock" = "CLK0"
    Info (12134): Parameter "clk0_divide_by" = "5"
    Info (12134): Parameter "clk0_multiply_by" = "1"
    Info (12134): Parameter "clk0_duty_cycle" = "50"
    Info (12134): Parameter "clk0_phase_shift" = "0"
    Info (12134): Parameter "port_inclk0" = "PORT_USED"
    Info (12134): Parameter "port_inclk1" = "PORT_UNUSED"
    Info (12134): Parameter "port_locked" = "PORT_USED"
    Info (12134): Parameter "port_clk0" = "PORT_USED"
    Info (12134): Parameter "port_clk1" = "PORT_UNUSED"
    Info (12134): Parameter "port_clk2" = "PORT_UNUSED"
    Info (12134): Parameter "port_clk3" = "PORT_UNUSED"
    Info (12134): Parameter "port_clk4" = "PORT_UNUSED"
    Info (12134): Parameter "port_clk5" = "PORT_UNUSED"
    Info (12134): Parameter "port_areset" = "PORT_UNUSED"
    Info (12134): Parameter "port_activeclock" = "PORT_UNUSED"
    Info (12134): Parameter "port_clkbad0" = "PORT_UNUSED"
    Info (12134): Parameter "port_clkbad1" = "PORT_UNUSED"
    Info (12134): Parameter "port_clkloss" = "PORT_UNUSED"
    Info (12134): Parameter "port_clkswitch" = "PORT_UNUSED"
    Info (12134): Parameter "port_configupdate" = "PORT_UNUSED"
    Info (12134): Parameter "port_fbin" = "PORT_UNUSED"
    Info (12134): Parameter "port_pfdena" = "PORT_UNUSED"
    Info (12134): Parameter "port_phasecounterselect" = "PORT_UNUSED"
    Info (12134): Parameter "port_phasedone" = "PORT_UNUSED"
    Info (12134): Parameter "port_phasestep" = "PORT_UNUSED"
    Info (12134): Parameter "port_phaseupdown" = "PORT_UNUSED"
    Info (12134): Parameter "port_pllena" = "PORT_UNUSED"
    Info (12134): Parameter "port_scanaclr" = "PORT_UNUSED"
    Info (12134): Parameter "port_scanclk" = "PORT_UNUSED"
    Info (12134): Parameter "port_scanclkena" = "PORT_UNUSED"
    Info (12134): Parameter "port_scandata" = "PORT_UNUSED"
    Info (12134): Parameter "port_scandataout" = "PORT_UNUSED"
    Info (12134): Parameter "port_scandone" = "PORT_UNUSED"
    Info (12134): Parameter "port_scanread" = "PORT_UNUSED"
    Info (12134): Parameter "port_scanwrite" = "PORT_UNUSED"
Info (12021): Found 1 design units, including 1 entities, in source file db/pll_10mhz_altpll.v
    Info (12023): Found entity 1: pll_10mhz_altpll File: C:/Users/rabs4/Documents/rv_sc_cpu_mmio/db/pll_10mhz_altpll.v Line: 30
Info (12128): Elaborating entity "pll_10mhz_altpll" for hierarchy "pll_10mhz:pll_inst|altpll:altpll_component|pll_10mhz_altpll:auto_generated" File: c:/intelfpga_lite/21.1/quartus/libraries/megafunctions/altpll.tdf Line: 898
Info (12128): Elaborating entity "sc_cpu" for hierarchy "sc_cpu:cpu" File: C:/Users/rabs4/Documents/rv_sc_cpu_mmio/sc_top.sv Line: 90
Info (12128): Elaborating entity "sc_control" for hierarchy "sc_cpu:cpu|sc_control:ctrl" File: C:/Users/rabs4/Documents/rv_sc_cpu_mmio/sc_cpu.sv Line: 55
Info (12128): Elaborating entity "sc_datapath" for hierarchy "sc_cpu:cpu|sc_datapath:datapath" File: C:/Users/rabs4/Documents/rv_sc_cpu_mmio/sc_cpu.sv Line: 76
Info (12128): Elaborating entity "sc_imem" for hierarchy "sc_cpu:cpu|sc_datapath:datapath|sc_imem:imem" File: C:/Users/rabs4/Documents/rv_sc_cpu_mmio/sc_datapath.sv Line: 105
Warning (10858): Verilog HDL warning at sc_imem.sv(37): object rom used but never assigned File: C:/Users/rabs4/Documents/rv_sc_cpu_mmio/sc_imem.sv Line: 37
Info (12128): Elaborating entity "sc_regfile" for hierarchy "sc_cpu:cpu|sc_datapath:datapath|sc_regfile:regfile" File: C:/Users/rabs4/Documents/rv_sc_cpu_mmio/sc_datapath.sv Line: 132
Info (12128): Elaborating entity "sc_sign_ext" for hierarchy "sc_cpu:cpu|sc_datapath:datapath|sc_sign_ext:sign_ext" File: C:/Users/rabs4/Documents/rv_sc_cpu_mmio/sc_datapath.sv Line: 140
Info (12128): Elaborating entity "sc_alu_ctrl" for hierarchy "sc_cpu:cpu|sc_datapath:datapath|sc_alu_ctrl:alu_ctrl" File: C:/Users/rabs4/Documents/rv_sc_cpu_mmio/sc_datapath.sv Line: 157
Info (12128): Elaborating entity "sc_alu" for hierarchy "sc_cpu:cpu|sc_datapath:datapath|sc_alu:alu" File: C:/Users/rabs4/Documents/rv_sc_cpu_mmio/sc_datapath.sv Line: 168
Info (12128): Elaborating entity "sc_dmem" for hierarchy "sc_cpu:cpu|sc_datapath:datapath|sc_dmem:dmem" File: C:/Users/rabs4/Documents/rv_sc_cpu_mmio/sc_datapath.sv Line: 186
Info (12128): Elaborating entity "sc_mmio" for hierarchy "sc_cpu:cpu|sc_datapath:datapath|sc_mmio:mmio" File: C:/Users/rabs4/Documents/rv_sc_cpu_mmio/sc_datapath.sv Line: 204
Info (276014): Found 2 instances of uninferred RAM logic
    Info (276007): RAM logic "sc_cpu:cpu|sc_datapath:datapath|sc_regfile:regfile|regs" is uninferred due to asynchronous read logic File: C:/Users/rabs4/Documents/rv_sc_cpu_mmio/sc_regfile.sv Line: 26
    Info (276007): RAM logic "sc_cpu:cpu|sc_datapath:datapath|sc_dmem:dmem|ram" is uninferred due to asynchronous read logic File: C:/Users/rabs4/Documents/rv_sc_cpu_mmio/sc_dmem.sv Line: 36
Warning (113028): 231 out of 256 addresses are uninitialized. The Quartus Prime software will initialize them to "0". There are 1 warnings found, and 1 warnings are reported. File: C:/Users/rabs4/Documents/rv_sc_cpu_mmio/instruction.mif Line: 1
    Warning (113027): Addresses ranging from 25 to 255 are not initialized File: C:/Users/rabs4/Documents/rv_sc_cpu_mmio/instruction.mif Line: 1
Info (286030): Timing-Driven Synthesis is running
Info (144001): Generated suppressed messages file C:/Users/rabs4/Documents/rv_sc_cpu_mmio/output_files/lab6.map.smsg
Info (16010): Generating hard_block partition "hard_block:auto_generated_inst"
    Info (16011): Adding 1 node(s), including 0 DDIO, 1 PLL, 0 transceiver and 0 LCELL
Info (21057): Implemented 16371 device resources after synthesis - the final resource count might be different
    Info (21058): Implemented 23 input pins
    Info (21059): Implemented 59 output pins
    Info (21061): Implemented 16288 logic cells
    Info (21065): Implemented 1 PLLs
Info: Quartus Prime Analysis & Synthesis was successful. 0 errors, 4 warnings
    Info: Peak virtual memory: 4988 megabytes
    Info: Processing ended: Mon Apr 27 13:13:33 2026
    Info: Elapsed time: 00:00:21
    Info: Total CPU time (on all processors): 00:00:33


+------------------------------------------+
; Analysis & Synthesis Suppressed Messages ;
+------------------------------------------+
The suppressed messages can be found in C:/Users/rabs4/Documents/rv_sc_cpu_mmio/output_files/lab6.map.smsg.


